Microsoft Windows [Version 10.0.26100.4351]
(c) Microsoft Corporation. All rights reserved.

C:\Users\Arron\Documents\dlsu-pathfinder>curl -X POST http://localhost:5000/find-path -H "Content-Type: application/json" -d "{\"start\":\"DLSU_Main_Gate\",\"algorithm\":\"ucs\"}"
{"algorithm":"ucs","cost":85.0,"distance":116.06568854311674,"eatery_info":{"address":"Andrew Building, DLSU","aircon":1,"halal_certified":1,"hours":"7:00-19:00","name":"Andrew Cafe","power_outlet":1,"price":2,"rating":4.2,"wifi":1},"goal":"Andrew_Building","goal_score":0.8166666666666669,"metrics":{"execution_time_ms":0.03,"max_frontier_size":3,"nodes_expanded":3},"open_status":"Open","path":["DLSU_Main_Gate","Andrew_Building"],"start":"DLSU_Main_Gate","weights_used":{"aircon":0.1,"distance":0.2,"halal_certified":0.15,"power_outlet":0.15,"price":0.2,"rating":0.2,"wifi":0.1}}

C:\Users\Arron\Documents\dlsu-pathfinder>curl -X POST http://localhost:5000/find-path -H "Content-Type: application/json" -d "{\"start\":\"Henry_Sy_Bldg\",\"algorithm\":\"astar\"}"
{"algorithm":"astar","cost":120.0,"distance":184.318652784045,"eatery_info":{"address":"Andrew Building, DLSU","aircon":1,"halal_certified":1,"hours":"7:00-19:00","name":"Andrew Cafe","power_outlet":1,"price":2,"rating":4.2,"wifi":1},"goal":"Andrew_Building","goal_score":0.726369173329391,"metrics":{"execution_time_ms":0.05,"max_frontier_size":5,"nodes_expanded":2},"open_status":"Open","path":["Henry_Sy_Bldg","Andrew_Building"],"start":"Henry_Sy_Bldg","weights_used":{"aircon":0.1,"distance":0.2,"halal_certified":0.15,"power_outlet":0.15,"price":0.2,"rating":0.2,"wifi":0.1}}

C:\Users\Arron\Documents\dlsu-pathfinder>curl -X POST http://localhost:5000/find-path -H "Content-Type: application/json" -d "{\"start\":\"St_Joseph_Bldg\",\"preferences\":{\"distance\":1,\"rating\":2}}"
{"algorithm":"astar","cost":40.0,"distance":78.54898032850471,"eatery_info":{"address":"2401 Taft Ave, Malate, Manila","aircon":1,"halal_certified":1,"hours":"9:00-21:00","name":"Chowking DLSU","power_outlet":0,"price":2,"rating":4.1,"wifi":1},"goal":"Chowking_DLSU","goal_score":0.5867564388148403,"metrics":{"execution_time_ms":0.02,"max_frontier_size":5,"nodes_expanded":2},"open_status":"Open","path":["St_Joseph_Bldg","Chowking_DLSU"],"start":"St_Joseph_Bldg","weights_used":{"distance":0.6666666666666666,"rating":0.3333333333333333}}

C:\Users\Arron\Documents\dlsu-pathfinder>curl -X POST http://localhost:5000/top-eateries -H "Content-Type: application/json" -d "{\"start\":\"DLSU_Main_Gate\"}"
[{"address":"Andrew Building, DLSU","aircon":1,"distance_meters":116.1,"halal_certified":1,"hours":"7:00-19:00","id":"Andrew_Building","name":"Andrew Cafe","open_status":"Open","power_outlet":1,"price":2,"rank":1,"rating":4.2,"score":0.8167,"wifi":1},{"address":"2450 Taft Ave, Malate, Manila","aircon":1,"distance_meters":235.2,"halal_certified":0,"hours":"8:00-22:00","id":"Study_Cafe","name":"The Study Cafe","open_status":"Open","power_outlet":1,"price":3,"rank":2,"rating":4.6,"score":0.6466,"wifi":1},{"address":"2401 Taft Ave, Malate, Manila","aircon":1,"distance_meters":464.0,"halal_certified":1,"hours":"9:00-21:00","id":"Chowking_DLSU","name":"Chowking DLSU","open_status":"Open","power_outlet":0,"price":2,"rank":3,"rating":4.1,"score":0.4774,"wifi":1}]

C:\Users\Arron\Documents\dlsu-pathfinder>curl -X POST http://localhost:5000/top-eateries -H "Content-Type: application/json" -d "{\"start\":\"Andrew_Building\",\"top_n\":5,\"preferences\":{\"halal_certified\":1}}"
[{"address":"2401 Taft Ave, Malate, Manila","aircon":1,"distance_meters":379.3,"halal_certified":1,"hours":"9:00-21:00","id":"Chowking_DLSU","name":"Chowking DLSU","open_status":"Open","power_outlet":0,"price":2,"rank":1,"rating":4.1,"score":1.0,"wifi":1},{"address":"2420 Taft Ave, Malate, Manila","aircon":1,"distance_meters":349.1,"halal_certified":1,"hours":"24/7","id":"McDonalds_DLSU","name":"McDonald's DLSU","open_status":"Open","power_outlet":0,"price":1,"rank":2,"rating":4.0,"score":1.0,"wifi":0},{"address":"Andrew Building, DLSU","aircon":1,"distance_meters":0.0,"halal_certified":1,"hours":"7:00-19:00","id":"Andrew_Building","name":"Andrew Cafe","open_status":"Open","power_outlet":1,"price":2,"rank":3,"rating":4.2,"score":1.0,"wifi":1},{"address":"2410 Taft Ave, Malate, Manila","aircon":1,"distance_meters":454.1,"halal_certified":0,"hours":"6:00-23:00","id":"Starbucks_DLSU","name":"Starbucks near DLSU","open_status":"Open","power_outlet":1,"price":3,"rank":4,"rating":4.5,"score":0.0,"wifi":1},{"address":"2450 Taft Ave, Malate, Manila","aircon":1,"distance_meters":123.5,"halal_certified":0,"hours":"8:00-22:00","id":"Study_Cafe","name":"The Study Cafe","open_status":"Open","power_outlet":1,"price":3,"rank":5,"rating":4.6,"score":0.0,"wifi":1}]

C:\Users\Arron\Documents\dlsu-pathfinder>curl -X POST http://localhost:5000/compare-algorithms -H "Content-Type: application/json" -d "{\"start\":\"DLSU_Main_Gate\"}"
{"astar":{"cost":85.0,"eatery":"Andrew_Building","metrics":{"execution_time_ms":0.03,"max_frontier_size":3,"nodes_expanded":2,"total_execution_time_ms":3.63},"path":["DLSU_Main_Gate","Andrew_Building"]},"ucs":{"cost":85.0,"eatery":"Andrew_Building","metrics":{"execution_time_ms":0.02,"max_frontier_size":3,"nodes_expanded":3,"total_execution_time_ms":3.77},"path":["DLSU_Main_Gate","Andrew_Building"]}}

C:\Users\Arron\Documents\dlsu-pathfinder>curl -X POST http://localhost:5000/compare-algorithms -H "Content-Type: application/json" -d "{\"start\":\"Greenwich_DLSU\",\"preferences\":{\"price\":1}}"
{"astar":{"cost":35.0,"eatery":"McDonalds_DLSU","metrics":{"execution_time_ms":0.04,"max_frontier_size":4,"nodes_expanded":2,"total_execution_time_ms":2.74},"path":["Greenwich_DLSU","McDonalds_DLSU"]},"ucs":{"cost":35.0,"eatery":"McDonalds_DLSU","metrics":{"execution_time_ms":0.02,"max_frontier_size":4,"nodes_expanded":2,"total_execution_time_ms":3.45},"path":["Greenwich_DLSU","McDonalds_DLSU"]}}

C:\Users\Arron\Documents\dlsu-pathfinder>curl -X POST http://localhost:5000/graph/nodes -H "Content-Type: application/json" -d "{\"id\":\"Cafeteria\",\"lat\":14.5658,\"lng\":120.9965}"
{"message":"Node Cafeteria added successfully"}

C:\Users\Arron\Documents\dlsu-pathfinder>curl -X POST http://localhost:5000/graph/edges -H "Content-Type: application/json" -d "{\"node_a\":\"Andrew_Building\",\"node_b\":\"Cafeteria\",\"cost\":25.0}"
{"message":"Edge between Andrew_Building and Cafeteria added successfully"}

C:\Users\Arron\Documents\dlsu-pathfinder>curl http://localhost:5000/graph
{"edges":{"Andrew_Building":{"Cafeteria":25.0,"DLSU_Main_Gate":85.0,"Henry_Sy_Bldg":120.0,"St_Joseph_Bldg":95.0,"Study_Cafe":45.0},"Bacsilog_King":{"DLSU_Main_Gate":50.0},"Cafeteria":{"Andrew_Building":25.0},"Chowking_DLSU":{"Halal_Street":45.0,"St_Joseph_Bldg":40.0,"Starbucks_DLSU":70.0},"DLSU_Main_Gate":{"Andrew_Building":85.0,"Bacsilog_King":50.0,"St_Joseph_Bldg":180.0},"Greenwich_DLSU":{"Henry_Sy_Bldg":40.0,"KFC_DLSU":45.0,"McDonalds_DLSU":35.0,"Study_Cafe":65.0},"Halal_Street":{"Chowking_DLSU":45.0,"St_Joseph_Bldg":60.0,"Starbucks_DLSU":35.0},"Henry_Sy_Bldg":{"Andrew_Building":120.0,"Greenwich_DLSU":40.0,"KFC_DLSU":60.0,"McDonalds_DLSU":55.0,"Starbucks_DLSU":80.0},"KFC_DLSU":{"Greenwich_DLSU":45.0,"Henry_Sy_Bldg":60.0,"McDonalds_DLSU":40.0},"McDonalds_DLSU":{"Greenwich_DLSU":35.0,"Henry_Sy_Bldg":55.0,"KFC_DLSU":40.0,"Starbucks_DLSU":65.0},"New_Eatery":{},"St_Joseph_Bldg":{"Andrew_Building":95.0,"Chowking_DLSU":40.0,"DLSU_Main_Gate":180.0,"Halal_Street":60.0,"Starbucks_DLSU":90.0},"Starbucks_DLSU":{"Chowking_DLSU":70.0,"Halal_Street":35.0,"Henry_Sy_Bldg":80.0,"McDonalds_DLSU":65.0,"St_Joseph_Bldg":90.0},"Study_Cafe":{"Andrew_Building":45.0,"Greenwich_DLSU":65.0}},"nodes":{"Andrew_Building":[14.5652,120.994],"Bacsilog_King":[14.5638,120.9925],"Cafeteria":[14.5658,120.9965],"Chowking_DLSU":[14.5648,120.9975],"DLSU_Main_Gate":[14.5645,120.9932],"Greenwich_DLSU":[14.567,120.995],"Halal_Street":[14.5655,120.9985],"Henry_Sy_Bldg":[14.566,120.9955],"KFC_DLSU":[14.5675,120.997],"McDonalds_DLSU":[14.5672,120.9965],"New_Eatery":[14.565,120.997],"St_Joseph_Bldg":[14.565,120.9968],"Starbucks_DLSU":[14.5665,120.998],"Study_Cafe":[14.5662,120.9945]}}

C:\Users\Arron\Documents\dlsu-pathfinder>curl -X DELETE http://localhost:5000/graph/edges -H "Content-Type: application/json" -d "{\"node_a\":\"Andrew_Building\",\"node_b\":\"Cafeteria\"}"
{"message":"Edge between Andrew_Building and Cafeteria removed successfully"}

C:\Users\Arron\Documents\dlsu-pathfinder>curl -X DELETE http://localhost:5000/graph/nodes/Cafeteria
{"message":"Node Cafeteria removed successfully"}

C:\Users\Arron\Documents\dlsu-pathfinder>curl -X POST http://localhost:5000/graph/eatery-nodes -H "Content-Type: application/json" -d "{\"id\":\"Test_Eatery\",\"lat\":14.5650,\"lng\":120.9970,\"attributes\":{\"name\":\"Test Eatery\",\"rating\":4.0,\"price\":2,\"hours\":\"9:00-18:00\",\"power_outlet\":1,\"halal_certified\":0,\"wifi\":1,\"aircon\":1,\"address\":\"Test Location\"}}"
{"message":"Eatery node Test_Eatery created successfully"}

C:\Users\Arron\Documents\dlsu-pathfinder>curl -X PUT http://localhost:5000/eateries/McDonalds_DLSU -H "Content-Type: application/json" -d "{\"attributes\":{\"wifi\":0}}"
{"message":"Eatery McDonalds_DLSU updated successfully"}

C:\Users\Arron\Documents\dlsu-pathfinder>curl http://localhost:5000/eateries
{"Andrew_Building":{"address":"Andrew Building, DLSU","aircon":1,"halal_certified":1,"hours":"7:00-19:00","name":"Andrew Cafe","power_outlet":1,"price":2,"rating":4.2,"wifi":1},"Chowking_DLSU":{"address":"2401 Taft Ave, Malate, Manila","aircon":1,"halal_certified":1,"hours":"9:00-21:00","name":"Chowking DLSU","power_outlet":0,"price":2,"rating":4.1,"wifi":1},"Greenwich_DLSU":{"address":"2430 Taft Ave, Malate, Manila","aircon":1,"halal_certified":0,"hours":"10:00-22:00","name":"Greenwich Pizza DLSU","power_outlet":0,"price":2,"rating":3.9,"wifi":0},"Halal_Street":{"address":"Leon Guinto St, Malate, Manila","aircon":0,"halal_certified":1,"hours":"11:00-20:00","name":"Halal Street Food","power_outlet":0,"price":1,"rating":4.3,"wifi":0},"KFC_DLSU":{"address":"2440 Taft Ave, Malate, Manila","aircon":1,"halal_certified":0,"hours":"9:00-22:00","name":"KFC DLSU","power_outlet":1,"price":2,"rating":4.0,"wifi":1},"McDonalds_DLSU":{"address":"2420 Taft Ave, Malate, Manila","aircon":1,"halal_certified":1,"hours":"24/7","name":"McDonald's DLSU","power_outlet":0,"price":1,"rating":4.0,"wifi":0},"New_Eatery":{"address":"Test Location","aircon":1,"halal_certified":0,"hours":"9:00-18:00","name":"Test Eatery","power_outlet":1,"price":2,"rating":4.0,"wifi":1},"Starbucks_DLSU":{"address":"2410 Taft Ave, Malate, Manila","aircon":1,"halal_certified":0,"hours":"6:00-23:00","name":"Starbucks near DLSU","power_outlet":1,"price":3,"rating":4.5,"wifi":1},"Study_Cafe":{"address":"2450 Taft Ave, Malate, Manila","aircon":1,"halal_certified":0,"hours":"8:00-22:00","name":"The Study Cafe","power_outlet":1,"price":3,"rating":4.6,"wifi":1},"Test_Eatery":{"address":"Test Location","aircon":1,"halal_certified":0,"hours":"9:00-18:00","name":"Test Eatery","power_outlet":1,"price":2,"rating":4.0,"wifi":1}}

C:\Users\Arron\Documents\dlsu-pathfinder>curl -X DELETE http://localhost:5000/eateries/Bacsilog_King
{"message":"Eatery Bacsilog_King does not exist"}

C:\Users\Arron\Documents\dlsu-pathfinder>curl http://localhost:5000/eateries
{"Andrew_Building":{"address":"Andrew Building, DLSU","aircon":1,"halal_certified":1,"hours":"7:00-19:00","name":"Andrew Cafe","power_outlet":1,"price":2,"rating":4.2,"wifi":1},"Chowking_DLSU":{"address":"2401 Taft Ave, Malate, Manila","aircon":1,"halal_certified":1,"hours":"9:00-21:00","name":"Chowking DLSU","power_outlet":0,"price":2,"rating":4.1,"wifi":1},"Greenwich_DLSU":{"address":"2430 Taft Ave, Malate, Manila","aircon":1,"halal_certified":0,"hours":"10:00-22:00","name":"Greenwich Pizza DLSU","power_outlet":0,"price":2,"rating":3.9,"wifi":0},"Halal_Street":{"address":"Leon Guinto St, Malate, Manila","aircon":0,"halal_certified":1,"hours":"11:00-20:00","name":"Halal Street Food","power_outlet":0,"price":1,"rating":4.3,"wifi":0},"KFC_DLSU":{"address":"2440 Taft Ave, Malate, Manila","aircon":1,"halal_certified":0,"hours":"9:00-22:00","name":"KFC DLSU","power_outlet":1,"price":2,"rating":4.0,"wifi":1},"McDonalds_DLSU":{"address":"2420 Taft Ave, Malate, Manila","aircon":1,"halal_certified":1,"hours":"24/7","name":"McDonald's DLSU","power_outlet":0,"price":1,"rating":4.0,"wifi":0},"New_Eatery":{"address":"Test Location","aircon":1,"halal_certified":0,"hours":"9:00-18:00","name":"Test Eatery","power_outlet":1,"price":2,"rating":4.0,"wifi":1},"Starbucks_DLSU":{"address":"2410 Taft Ave, Malate, Manila","aircon":1,"halal_certified":0,"hours":"6:00-23:00","name":"Starbucks near DLSU","power_outlet":1,"price":3,"rating":4.5,"wifi":1},"Study_Cafe":{"address":"2450 Taft Ave, Malate, Manila","aircon":1,"halal_certified":0,"hours":"8:00-22:00","name":"The Study Cafe","power_outlet":1,"price":3,"rating":4.6,"wifi":1},"Test_Eatery":{"address":"Test Location","aircon":1,"halal_certified":0,"hours":"9:00-18:00","name":"Test Eatery","power_outlet":1,"price":2,"rating":4.0,"wifi":1}}

C:\Users\Arron\Documents\dlsu-pathfinder>curl -X POST http://localhost:5000/find-path -H "Content-Type: application/json" -d "{\"start\":\"Unknown_Location\"}"
{"error":"Start node 'Unknown_Location' not found"}

C:\Users\Arron\Documents\dlsu-pathfinder>curl -X POST http://localhost:5000/find-path -H "Content-Type: application/json" -d "{\"start\":\"DLSU_Main_Gate\",\"algorithm\":\"dfs\"}"
{"error":"Invalid algorithm. Choose 'ucs' or 'astar'"}

C:\Users\Arron\Documents\dlsu-pathfinder>curl -X POST http://localhost:5000/find-path -H "Content-Type: application/json" -d "{}"
{"error":"Missing fields: start"}

C:\Users\Arron\Documents\dlsu-pathfinder>curl -X POST http://localhost:5000/graph/eatery-nodes -H "Content-Type: application/json" -d "{\"id\":\"Bad_Eatery\",\"lat\":14.5650,\"lng\":120.9970,\"attributes\":{\"name\":\"Bad Eatery\",\"rating\":4.0}}"
{"message":"Missing required attributes: halal_certified, price, aircon, power_outlet, wifi, hours"}

C:\Users\Arron\Documents\dlsu-pathfinder>curl -X PUT http://localhost:5000/eateries/Invalid_Eatery -H "Content-Type: application/json" -d "{\"attributes\":{\"name\":\"Partial Attributes\"}}"
{"message":"Missing required attributes: halal_certified, price, aircon, power_outlet, wifi, hours, rating"}
